
*** Running vivado
    with args -log Bus_Path_Map.vds -m64 -product Vivado -mode batch -messageDb vivado.pb -notrace -source Bus_Path_Map.tcl



****** Vivado v2025.2 (64-bit)
  **** SW Build 6299465 on Fri Nov 14 19:35:11 GMT 2025
  **** IP Build 6300035 on Fri Nov 14 10:48:45 MST 2025
  **** SharedData Build 6298862 on Thu Nov 13 04:50:51 MST 2025
  **** Start of session at: Sun May  3 20:23:54 2026
    ** Copyright 1986-2022 Xilinx, Inc. All Rights Reserved.
    ** Copyright 2022-2025 Advanced Micro Devices, Inc. All Rights Reserved.

source Bus_Path_Map.tcl -notrace
create_project: Time (s): cpu = 00:00:16 ; elapsed = 00:00:12 . Memory (MB): peak = 528.367 ; gain = 220.789
Command: read_checkpoint -auto_incremental -incremental C:/project_1/project_1.srcs/utils_1/imports/synth_1/Bus_Path_Map.dcp
INFO: [Vivado 12-5825] Read reference checkpoint from C:/project_1/project_1.srcs/utils_1/imports/synth_1/Bus_Path_Map.dcp for incremental synthesis
INFO: [Vivado 12-7989] Please ensure there are no constraint changes
Command: synth_design -top Bus_Path_Map -part xc7z020clg400-1
Starting synth_design
Attempting to get a license for feature 'Synthesis' and/or device 'xc7z020'
INFO: [Common 17-349] Got license for feature 'Synthesis' and/or device 'xc7z020'
INFO: [Designutils 20-5440] No compile time benefit to using incremental synthesis; A full resynthesis will be run
INFO: [Designutils 20-4379] Flow is switching to default flow due to incremental criteria not met. If you would like to alter this behaviour and have the flow terminate instead, please set the following parameter config_implementation {autoIncr.Synth.RejectBehavior Terminate}
INFO: [Synth 8-7079] Multithreading enabled for synth_design using a maximum of 2 processes.
INFO: [Synth 8-7078] Launching helper process for spawning children vivado processes
INFO: [Synth 8-7075] Helper process launched with PID 11796
---------------------------------------------------------------------------------
Starting Synthesize : Time (s): cpu = 00:00:09 ; elapsed = 00:00:11 . Memory (MB): peak = 1149.184 ; gain = 528.379
---------------------------------------------------------------------------------
INFO: [Synth 8-6157] synthesizing module 'Bus_Path_Map' [C:/project_1/project_1.srcs/sources_1/new/BUS_PATH_MODULE_MAP.v:1]
INFO: [Synth 8-6157] synthesizing module 'Address_mux' [C:/project_1/project_1.srcs/sources_1/new/Address_mux.v:1]
	Parameter WIDTH bound to: 32 - type: integer 
INFO: [Synth 8-6155] done synthesizing module 'Address_mux' (0#1) [C:/project_1/project_1.srcs/sources_1/new/Address_mux.v:1]
INFO: [Synth 8-6157] synthesizing module 'Controller' [C:/project_1/project_1.srcs/sources_1/new/Controller.v:7]
INFO: [Synth 8-226] default block is never used [C:/project_1/project_1.srcs/sources_1/new/Controller.v:68]
INFO: [Synth 8-6155] done synthesizing module 'Controller' (0#1) [C:/project_1/project_1.srcs/sources_1/new/Controller.v:7]
INFO: [Synth 8-6157] synthesizing module 'Instruction_Register' [C:/project_1/project_1.srcs/sources_1/new/Instruction_Register.v:1]
INFO: [Synth 8-6155] done synthesizing module 'Instruction_Register' (0#1) [C:/project_1/project_1.srcs/sources_1/new/Instruction_Register.v:1]
INFO: [Synth 8-6157] synthesizing module 'PC' [C:/project_1/project_1.srcs/sources_1/new/PC.v:12]
INFO: [Synth 8-6155] done synthesizing module 'PC' (0#1) [C:/project_1/project_1.srcs/sources_1/new/PC.v:12]
INFO: [Synth 8-6157] synthesizing module 'Memory' [C:/project_1/project_1.srcs/sources_1/new/Memory.v:1]
INFO: [Synth 8-6155] done synthesizing module 'Memory' (0#1) [C:/project_1/project_1.srcs/sources_1/new/Memory.v:1]
INFO: [Synth 8-6157] synthesizing module 'Accumulator' [C:/project_1/project_1.srcs/sources_1/new/Accumulator.v:1]
INFO: [Synth 8-6155] done synthesizing module 'Accumulator' (0#1) [C:/project_1/project_1.srcs/sources_1/new/Accumulator.v:1]
INFO: [Synth 8-6157] synthesizing module 'ALU' [C:/project_1/project_1.srcs/sources_1/new/ALU.v:1]
INFO: [Synth 8-226] default block is never used [C:/project_1/project_1.srcs/sources_1/new/ALU.v:20]
INFO: [Synth 8-6155] done synthesizing module 'ALU' (0#1) [C:/project_1/project_1.srcs/sources_1/new/ALU.v:1]
INFO: [Synth 8-6155] done synthesizing module 'Bus_Path_Map' (0#1) [C:/project_1/project_1.srcs/sources_1/new/BUS_PATH_MODULE_MAP.v:1]
WARNING: [Synth 8-7129] Port address[31] in module Memory is either unconnected or has no load
WARNING: [Synth 8-7129] Port address[30] in module Memory is either unconnected or has no load
WARNING: [Synth 8-7129] Port address[29] in module Memory is either unconnected or has no load
WARNING: [Synth 8-7129] Port address[28] in module Memory is either unconnected or has no load
WARNING: [Synth 8-7129] Port address[27] in module Memory is either unconnected or has no load
WARNING: [Synth 8-7129] Port address[26] in module Memory is either unconnected or has no load
WARNING: [Synth 8-7129] Port address[25] in module Memory is either unconnected or has no load
WARNING: [Synth 8-7129] Port address[24] in module Memory is either unconnected or has no load
WARNING: [Synth 8-7129] Port address[23] in module Memory is either unconnected or has no load
WARNING: [Synth 8-7129] Port address[22] in module Memory is either unconnected or has no load
WARNING: [Synth 8-7129] Port address[21] in module Memory is either unconnected or has no load
WARNING: [Synth 8-7129] Port address[20] in module Memory is either unconnected or has no load
WARNING: [Synth 8-7129] Port address[19] in module Memory is either unconnected or has no load
WARNING: [Synth 8-7129] Port address[18] in module Memory is either unconnected or has no load
WARNING: [Synth 8-7129] Port address[17] in module Memory is either unconnected or has no load
WARNING: [Synth 8-7129] Port address[16] in module Memory is either unconnected or has no load
WARNING: [Synth 8-7129] Port address[15] in module Memory is either unconnected or has no load
WARNING: [Synth 8-7129] Port address[14] in module Memory is either unconnected or has no load
WARNING: [Synth 8-7129] Port address[13] in module Memory is either unconnected or has no load
WARNING: [Synth 8-7129] Port address[12] in module Memory is either unconnected or has no load
WARNING: [Synth 8-7129] Port address[1] in module Memory is either unconnected or has no load
WARNING: [Synth 8-7129] Port address[0] in module Memory is either unconnected or has no load
---------------------------------------------------------------------------------
Finished Synthesize : Time (s): cpu = 00:00:13 ; elapsed = 00:00:15 . Memory (MB): peak = 1268.805 ; gain = 648.000
---------------------------------------------------------------------------------
---------------------------------------------------------------------------------
Finished Constraint Validation : Time (s): cpu = 00:00:14 ; elapsed = 00:00:16 . Memory (MB): peak = 1268.805 ; gain = 648.000
---------------------------------------------------------------------------------
---------------------------------------------------------------------------------
Start Loading Part and Timing Information
---------------------------------------------------------------------------------
Loading part: xc7z020clg400-1
---------------------------------------------------------------------------------
INFO: [Device 21-403] Loading part xc7z020clg400-1
Finished Loading Part and Timing Information : Time (s): cpu = 00:00:14 ; elapsed = 00:00:16 . Memory (MB): peak = 1268.805 ; gain = 648.000
---------------------------------------------------------------------------------
---------------------------------------------------------------------------------
Finished RTL Optimization Phase 2 : Time (s): cpu = 00:00:14 ; elapsed = 00:00:16 . Memory (MB): peak = 1268.805 ; gain = 648.000
---------------------------------------------------------------------------------
No constraint files found.
---------------------------------------------------------------------------------
Start RTL Component Statistics 
---------------------------------------------------------------------------------
Detailed RTL Component Info : 
+---Adders : 
	   2 Input   32 Bit       Adders := 1     
	   2 Input    3 Bit       Adders := 1     
+---XORs : 
	   2 Input     32 Bit         XORs := 1     
+---Registers : 
	               32 Bit    Registers := 3     
	                3 Bit    Registers := 1     
+---RAMs : 
	              32K Bit	(1024 X 32 bit)          RAMs := 1     
+---Muxes : 
	   2 Input   32 Bit        Muxes := 1     
	   8 Input    1 Bit        Muxes := 9     
	   2 Input    1 Bit        Muxes := 1     
---------------------------------------------------------------------------------
Finished RTL Component Statistics 
---------------------------------------------------------------------------------
---------------------------------------------------------------------------------
Start Part Resource Summary
---------------------------------------------------------------------------------
Part Resources:
DSPs: 220 (col length:60)
BRAMs: 280 (col length: RAMB18 60 RAMB36 30)
---------------------------------------------------------------------------------
Finished Part Resource Summary
---------------------------------------------------------------------------------
No constraint files found.
---------------------------------------------------------------------------------
Start Cross Boundary and Area Optimization
---------------------------------------------------------------------------------
---------------------------------------------------------------------------------
Finished Cross Boundary and Area Optimization : Time (s): cpu = 00:00:21 ; elapsed = 00:00:25 . Memory (MB): peak = 1475.938 ; gain = 855.133
---------------------------------------------------------------------------------
No constraint files found.
---------------------------------------------------------------------------------
Start Timing Optimization
---------------------------------------------------------------------------------
---------------------------------------------------------------------------------
Finished Timing Optimization : Time (s): cpu = 00:00:21 ; elapsed = 00:00:25 . Memory (MB): peak = 1490.762 ; gain = 869.957
---------------------------------------------------------------------------------
---------------------------------------------------------------------------------
Start Technology Mapping
---------------------------------------------------------------------------------
---------------------------------------------------------------------------------
Finished Technology Mapping : Time (s): cpu = 00:00:21 ; elapsed = 00:00:26 . Memory (MB): peak = 1490.762 ; gain = 869.957
---------------------------------------------------------------------------------
---------------------------------------------------------------------------------
Start IO Insertion
---------------------------------------------------------------------------------
---------------------------------------------------------------------------------
Start Flattening Before IO Insertion
---------------------------------------------------------------------------------
---------------------------------------------------------------------------------
Finished Flattening Before IO Insertion
---------------------------------------------------------------------------------
---------------------------------------------------------------------------------
Start Final Netlist Cleanup
---------------------------------------------------------------------------------
---------------------------------------------------------------------------------
Finished Final Netlist Cleanup
---------------------------------------------------------------------------------
---------------------------------------------------------------------------------
Finished IO Insertion : Time (s): cpu = 00:00:28 ; elapsed = 00:00:33 . Memory (MB): peak = 1726.785 ; gain = 1105.980
---------------------------------------------------------------------------------
---------------------------------------------------------------------------------
Start Renaming Generated Instances
---------------------------------------------------------------------------------
---------------------------------------------------------------------------------
Finished Renaming Generated Instances : Time (s): cpu = 00:00:28 ; elapsed = 00:00:33 . Memory (MB): peak = 1726.785 ; gain = 1105.980
---------------------------------------------------------------------------------
---------------------------------------------------------------------------------
Start Rebuilding User Hierarchy
---------------------------------------------------------------------------------
---------------------------------------------------------------------------------
Finished Rebuilding User Hierarchy : Time (s): cpu = 00:00:28 ; elapsed = 00:00:34 . Memory (MB): peak = 1726.785 ; gain = 1105.980
---------------------------------------------------------------------------------
---------------------------------------------------------------------------------
Start Renaming Generated Ports
---------------------------------------------------------------------------------
---------------------------------------------------------------------------------
Finished Renaming Generated Ports : Time (s): cpu = 00:00:28 ; elapsed = 00:00:34 . Memory (MB): peak = 1726.785 ; gain = 1105.980
---------------------------------------------------------------------------------
---------------------------------------------------------------------------------
Start Handling Custom Attributes
---------------------------------------------------------------------------------
---------------------------------------------------------------------------------
Finished Handling Custom Attributes : Time (s): cpu = 00:00:28 ; elapsed = 00:00:34 . Memory (MB): peak = 1726.785 ; gain = 1105.980
---------------------------------------------------------------------------------
---------------------------------------------------------------------------------
Start Renaming Generated Nets
---------------------------------------------------------------------------------
---------------------------------------------------------------------------------
Finished Renaming Generated Nets : Time (s): cpu = 00:00:28 ; elapsed = 00:00:34 . Memory (MB): peak = 1726.785 ; gain = 1105.980
---------------------------------------------------------------------------------
---------------------------------------------------------------------------------
Start Writing Synthesis Report
---------------------------------------------------------------------------------

Report BlackBoxes: 
+-+--------------+----------+
| |BlackBox name |Instances |
+-+--------------+----------+
+-+--------------+----------+

Report Cell Usage: 
+-+-----+------+
| |Cell |Count |
+-+-----+------+
+-+-----+------+

Report Instance Areas: 
+------+---------+-------+------+
|      |Instance |Module |Cells |
+------+---------+-------+------+
|1     |top      |       |     0|
+------+---------+-------+------+
---------------------------------------------------------------------------------
Finished Writing Synthesis Report : Time (s): cpu = 00:00:28 ; elapsed = 00:00:34 . Memory (MB): peak = 1726.785 ; gain = 1105.980
---------------------------------------------------------------------------------
Synthesis finished with 0 errors, 0 critical warnings and 22 warnings.
Synthesis Optimization Runtime : Time (s): cpu = 00:00:28 ; elapsed = 00:00:34 . Memory (MB): peak = 1726.785 ; gain = 1105.980
Synthesis Optimization Complete : Time (s): cpu = 00:00:28 ; elapsed = 00:00:34 . Memory (MB): peak = 1726.785 ; gain = 1105.980
INFO: [Project 1-571] Translating synthesized netlist
Netlist sorting complete. Time (s): cpu = 00:00:00 ; elapsed = 00:00:00.001 . Memory (MB): peak = 1737.191 ; gain = 0.000
INFO: [Project 1-570] Preparing netlist for logic optimization
INFO: [Opt 31-138] Pushed 0 inverter(s) to 0 load pin(s).
Netlist sorting complete. Time (s): cpu = 00:00:00 ; elapsed = 00:00:00 . Memory (MB): peak = 1863.508 ; gain = 0.000
INFO: [Project 1-111] Unisim Transformation Summary:
No Unisim elements were transformed.

Synth Design complete | Checksum: 431442f0
INFO: [Common 17-83] Releasing license: Synthesis
32 Infos, 22 Warnings, 0 Critical Warnings and 0 Errors encountered.
synth_design completed successfully
synth_design: Time (s): cpu = 00:00:34 ; elapsed = 00:00:40 . Memory (MB): peak = 1863.508 ; gain = 1247.555
INFO: [Common 17-1381] The checkpoint 'C:/project_1/project_1.runs/synth_1/Bus_Path_Map.dcp' has been generated.
INFO: [Vivado 12-24828] Executing command : report_utilization -file Bus_Path_Map_utilization_synth.rpt -pb Bus_Path_Map_utilization_synth.pb
INFO: [Common 17-206] Exiting Vivado at Sun May  3 20:25:03 2026...
